• Running devenv:python:virtualenv
• Running devenv:files:cleanup
✓ Running devenv:files:cleanup in 19.7ms
✓ Running devenv:python:virtualenv in 36.8ms
• Running devenv:enterShell
✓ Running devenv:enterShell in 26.1ms
• Running devenv:enterTest
✓ Running devenv:enterTest in 4.51µs (no command)
╭───────────────────── Traceback (most recent call last) ──────────────────────╮
│ /nix/store/s1fc2pj5w10a7qbksriy87vqzz8avf4s-mypi-agent-0.3.5/lib/python3.13/ │
│ site-packages/mypi_agent/cli.py:127 in needs_sync_command                    │
│                                                                              │
│   124 │   if trigger not in {"manual", "shell"}:                             │
│   125 │   │   raise typer.BadParameter("--trigger must be one of: manual, sh │
│   126 │   paths = _resolve_paths(allow_unmanaged=allow_unmanaged)            │
│ ❱ 127 │   if needs_sync(paths):                                              │
│   128 │   │   raise typer.Exit(code=0)                                       │
│   129 │   raise typer.Exit(code=1)                                           │
│   130                                                                        │
│                                                                              │
│ /nix/store/s1fc2pj5w10a7qbksriy87vqzz8avf4s-mypi-agent-0.3.5/lib/python3.13/ │
│ site-packages/mypi_agent/sync.py:224 in needs_sync                           │
│                                                                              │
│   221                                                                        │
│   222                                                                        │
│   223 def needs_sync(paths: Paths) -> bool:                                  │
│ ❱ 224 │   if not paths.agent_root.exists():                                  │
│   225 │   │   return True                                                    │
│   226 │   if not paths.settings_path.exists():                               │
│   227 │   │   return True                                                    │
│                                                                              │
│ /nix/store/s1fc2pj5w10a7qbksriy87vqzz8avf4s-mypi-agent-0.3.5/lib/python3.13/ │
│ site-packages/mypi_agent/models.py:54 in agent_root                          │
│                                                                              │
│    51 │   │   if override:                                                   │
│    52 │   │   │   root = (self.project_root / override).resolve()            │
│    53 │   │   │   if root != self.project_root and self.project_root not in  │
│ ❱  54 │   │   │   │   raise RuntimeError("error: MYPI_AGENT_ROOT must stay w │
│    55 │   │   │   return root                                                │
│    56 │   │   return self.project_root / ".agents" / "pi"                    │
│    57                                                                        │
╰──────────────────────────────────────────────────────────────────────────────╯
RuntimeError: error: MYPI_AGENT_ROOT must stay within project root
